[      18ms] [WARNING] cdn.tailwindcss.com should not be used in production. To use Tailwind CSS in production, install it as a PostCSS plugin or use the Tailwind CLI: https://tailwindcss.com/docs/installation @ https://cdn.tailwindcss.com/:63
[      53ms] [INFO] %cDownload the React DevTools for a better development experience: https://react.dev/link/react-devtools font-weight:bold @ http://localhost:5199/node_modules/.vite/deps/react-dom_client.js?v=1e9f6007:20102
[   38279ms] [ERROR] Failed to load resource: the server responded with a status of 404 (Not Found) @ http://localhost:5199/__wavetest.tsx?t=1783175170247:0
[   38279ms] [ERROR] [vite] Failed to reload /__wavetest.tsx. This could be due to syntax errors or importing non-existent modules. (see errors above) @ http://localhost:5199/@vite/client:881
[   38345ms] [WARNING] cdn.tailwindcss.com should not be used in production. To use Tailwind CSS in production, install it as a PostCSS plugin or use the Tailwind CLI: https://tailwindcss.com/docs/installation @ https://cdn.tailwindcss.com/:63
[   38499ms] [WARNING] An import map rule for specifier 'react-dom/' was removed, as it conflicted with an existing rule. @ http://localhost:5199/__wavetest.html:0
[   38499ms] [WARNING] An import map rule for specifier 'react' was removed, as it conflicted with an existing rule. @ http://localhost:5199/__wavetest.html:0
[   38499ms] [WARNING] An import map rule for specifier 'react/' was removed, as it conflicted with an existing rule. @ http://localhost:5199/__wavetest.html:0
[   39329ms] [INFO] %cDownload the React DevTools for a better development experience: https://react.dev/link/react-devtools font-weight:bold @ http://localhost:5199/node_modules/.vite/deps/react-dom_client.js?v=1e9f6007:20102
[   39469ms] [VERBOSE] [DOM] Password field is not contained in a form: (More info: https://goo.gl/9p2vKq) %o @ http://localhost:5199/__wavetest.html:0
[   39538ms] [LOG] [vite] server connection lost. Polling for restart... @ http://localhost:5199/@vite/client:963
[   41890ms] [ERROR] WebSocket connection to 'ws://localhost:5199/' failed: Error in connection establishment: net::ERR_CONNECTION_REFUSED @ http://localhost:5199/@vite/client:1034
[   45261ms] [ERROR] WebSocket connection to 'ws://localhost:5199/' failed: Error in connection establishment: net::ERR_CONNECTION_REFUSED @ http://localhost:5199/@vite/client:1034
[   48636ms] [ERROR] WebSocket connection to 'ws://localhost:5199/' failed: Error in connection establishment: net::ERR_CONNECTION_REFUSED @ http://localhost:5199/@vite/client:1034
[   52019ms] [ERROR] WebSocket connection to 'ws://localhost:5199/' failed: Error in connection establishment: net::ERR_CONNECTION_REFUSED @ http://localhost:5199/@vite/client:1034
[   55400ms] [ERROR] WebSocket connection to 'ws://localhost:5199/' failed: Error in connection establishment: net::ERR_CONNECTION_REFUSED @ http://localhost:5199/@vite/client:1034
[   58772ms] [ERROR] WebSocket connection to 'ws://localhost:5199/' failed: Error in connection establishment: net::ERR_CONNECTION_REFUSED @ http://localhost:5199/@vite/client:1034
[   62137ms] [ERROR] WebSocket connection to 'ws://localhost:5199/' failed: Error in connection establishment: net::ERR_CONNECTION_REFUSED @ http://localhost:5199/@vite/client:1034
[   65507ms] [ERROR] WebSocket connection to 'ws://localhost:5199/' failed: Error in connection establishment: net::ERR_CONNECTION_REFUSED @ http://localhost:5199/@vite/client:1034
[   68869ms] [ERROR] WebSocket connection to 'ws://localhost:5199/' failed: Error in connection establishment: net::ERR_CONNECTION_REFUSED @ http://localhost:5199/@vite/client:1034
[   72213ms] [ERROR] WebSocket connection to 'ws://localhost:5199/' failed: Error in connection establishment: net::ERR_CONNECTION_REFUSED @ http://localhost:5199/@vite/client:1034
[   75582ms] [ERROR] WebSocket connection to 'ws://localhost:5199/' failed: Error in connection establishment: net::ERR_CONNECTION_REFUSED @ http://localhost:5199/@vite/client:1034
[   78949ms] [ERROR] WebSocket connection to 'ws://localhost:5199/' failed: Error in connection establishment: net::ERR_CONNECTION_REFUSED @ http://localhost:5199/@vite/client:1034
[   82323ms] [ERROR] WebSocket connection to 'ws://localhost:5199/' failed: Error in connection establishment: net::ERR_CONNECTION_REFUSED @ http://localhost:5199/@vite/client:1034
[   85674ms] [ERROR] WebSocket connection to 'ws://localhost:5199/' failed: Error in connection establishment: net::ERR_CONNECTION_REFUSED @ http://localhost:5199/@vite/client:1034
[   89027ms] [ERROR] WebSocket connection to 'ws://localhost:5199/' failed: Error in connection establishment: net::ERR_CONNECTION_REFUSED @ http://localhost:5199/@vite/client:1034
[   92399ms] [ERROR] WebSocket connection to 'ws://localhost:5199/' failed: Error in connection establishment: net::ERR_CONNECTION_REFUSED @ http://localhost:5199/@vite/client:1034
[   95774ms] [ERROR] WebSocket connection to 'ws://localhost:5199/' failed: Error in connection establishment: net::ERR_CONNECTION_REFUSED @ http://localhost:5199/@vite/client:1034
[   99149ms] [ERROR] WebSocket connection to 'ws://localhost:5199/' failed: Error in connection establishment: net::ERR_CONNECTION_REFUSED @ http://localhost:5199/@vite/client:1034
[  102503ms] [ERROR] WebSocket connection to 'ws://localhost:5199/' failed: Error in connection establishment: net::ERR_CONNECTION_REFUSED @ http://localhost:5199/@vite/client:1034
[  105888ms] [ERROR] WebSocket connection to 'ws://localhost:5199/' failed: Error in connection establishment: net::ERR_CONNECTION_REFUSED @ http://localhost:5199/@vite/client:1034
[  109260ms] [ERROR] WebSocket connection to 'ws://localhost:5199/' failed: Error in connection establishment: net::ERR_CONNECTION_REFUSED @ http://localhost:5199/@vite/client:1034
[  112633ms] [ERROR] WebSocket connection to 'ws://localhost:5199/' failed: Error in connection establishment: net::ERR_CONNECTION_REFUSED @ http://localhost:5199/@vite/client:1034
[  116008ms] [ERROR] WebSocket connection to 'ws://localhost:5199/' failed: Error in connection establishment: net::ERR_CONNECTION_REFUSED @ http://localhost:5199/@vite/client:1034
[  119384ms] [ERROR] WebSocket connection to 'ws://localhost:5199/' failed: Error in connection establishment: net::ERR_CONNECTION_REFUSED @ http://localhost:5199/@vite/client:1034
[  122770ms] [ERROR] WebSocket connection to 'ws://localhost:5199/' failed: Error in connection establishment: net::ERR_CONNECTION_REFUSED @ http://localhost:5199/@vite/client:1034
[  126156ms] [ERROR] WebSocket connection to 'ws://localhost:5199/' failed: Error in connection establishment: net::ERR_CONNECTION_REFUSED @ http://localhost:5199/@vite/client:1034
[  129538ms] [ERROR] WebSocket connection to 'ws://localhost:5199/' failed: Error in connection establishment: net::ERR_CONNECTION_REFUSED @ http://localhost:5199/@vite/client:1034
[  132908ms] [ERROR] WebSocket connection to 'ws://localhost:5199/' failed: Error in connection establishment: net::ERR_CONNECTION_REFUSED @ http://localhost:5199/@vite/client:1034
[  136297ms] [ERROR] WebSocket connection to 'ws://localhost:5199/' failed: Error in connection establishment: net::ERR_CONNECTION_REFUSED @ http://localhost:5199/@vite/client:1034
[  139691ms] [ERROR] WebSocket connection to 'ws://localhost:5199/' failed: Error in connection establishment: net::ERR_CONNECTION_REFUSED @ http://localhost:5199/@vite/client:1034
[  143077ms] [ERROR] WebSocket connection to 'ws://localhost:5199/' failed: Error in connection establishment: net::ERR_CONNECTION_REFUSED @ http://localhost:5199/@vite/client:1034
[  146443ms] [ERROR] WebSocket connection to 'ws://localhost:5199/' failed: Error in connection establishment: net::ERR_CONNECTION_REFUSED @ http://localhost:5199/@vite/client:1034
[  149836ms] [ERROR] WebSocket connection to 'ws://localhost:5199/' failed: Error in connection establishment: net::ERR_CONNECTION_REFUSED @ http://localhost:5199/@vite/client:1034
[  153226ms] [ERROR] WebSocket connection to 'ws://localhost:5199/' failed: Error in connection establishment: net::ERR_CONNECTION_REFUSED @ http://localhost:5199/@vite/client:1034
[  156611ms] [ERROR] WebSocket connection to 'ws://localhost:5199/' failed: Error in connection establishment: net::ERR_CONNECTION_REFUSED @ http://localhost:5199/@vite/client:1034
[  159995ms] [ERROR] WebSocket connection to 'ws://localhost:5199/' failed: Error in connection establishment: net::ERR_CONNECTION_REFUSED @ http://localhost:5199/@vite/client:1034
[  163390ms] [ERROR] WebSocket connection to 'ws://localhost:5199/' failed: Error in connection establishment: net::ERR_CONNECTION_REFUSED @ http://localhost:5199/@vite/client:1034
[  166794ms] [ERROR] WebSocket connection to 'ws://localhost:5199/' failed: Error in connection establishment: net::ERR_CONNECTION_REFUSED @ http://localhost:5199/@vite/client:1034
[  170194ms] [ERROR] WebSocket connection to 'ws://localhost:5199/' failed: Error in connection establishment: net::ERR_CONNECTION_REFUSED @ http://localhost:5199/@vite/client:1034
[  173584ms] [ERROR] WebSocket connection to 'ws://localhost:5199/' failed: Error in connection establishment: net::ERR_CONNECTION_REFUSED @ http://localhost:5199/@vite/client:1034
[  176965ms] [ERROR] WebSocket connection to 'ws://localhost:5199/' failed: Error in connection establishment: net::ERR_CONNECTION_REFUSED @ http://localhost:5199/@vite/client:1034
[  180385ms] [ERROR] WebSocket connection to 'ws://localhost:5199/' failed: Error in connection establishment: net::ERR_CONNECTION_REFUSED @ http://localhost:5199/@vite/client:1034
[  183812ms] [ERROR] WebSocket connection to 'ws://localhost:5199/' failed: Error in connection establishment: net::ERR_CONNECTION_REFUSED @ http://localhost:5199/@vite/client:1034
[  187198ms] [ERROR] WebSocket connection to 'ws://localhost:5199/' failed: Error in connection establishment: net::ERR_CONNECTION_REFUSED @ http://localhost:5199/@vite/client:1034
[  190607ms] [ERROR] WebSocket connection to 'ws://localhost:5199/' failed: Error in connection establishment: net::ERR_CONNECTION_REFUSED @ http://localhost:5199/@vite/client:1034
[  194078ms] [ERROR] WebSocket connection to 'ws://localhost:5199/' failed: Error in connection establishment: net::ERR_CONNECTION_REFUSED @ http://localhost:5199/@vite/client:1034
[  197573ms] [ERROR] WebSocket connection to 'ws://localhost:5199/' failed: Error in connection establishment: net::ERR_CONNECTION_REFUSED @ http://localhost:5199/@vite/client:1034
[  205937ms] [ERROR] WebSocket connection to 'ws://localhost:5199/' failed: Error in connection establishment: net::ERR_CONNECTION_REFUSED @ http://localhost:5199/@vite/client:1034
[  213755ms] [ERROR] WebSocket connection to 'ws://localhost:5199/' failed: Error in connection establishment: net::ERR_CONNECTION_REFUSED @ http://localhost:5199/@vite/client:1034
[  219564ms] [ERROR] WebSocket connection to 'ws://localhost:5199/' failed: Error in connection establishment: net::ERR_CONNECTION_REFUSED @ http://localhost:5199/@vite/client:1034
[  227824ms] [ERROR] WebSocket connection to 'ws://localhost:5199/' failed: Error in connection establishment: net::ERR_CONNECTION_REFUSED @ http://localhost:5199/@vite/client:1034
[  235607ms] [ERROR] WebSocket connection to 'ws://localhost:5199/' failed: Error in connection establishment: net::ERR_CONNECTION_REFUSED @ http://localhost:5199/@vite/client:1034
[  240319ms] [ERROR] WebSocket connection to 'ws://localhost:5199/' failed: Error in connection establishment: net::ERR_CONNECTION_REFUSED @ http://localhost:5199/@vite/client:1034
[  247068ms] [ERROR] WebSocket connection to 'ws://localhost:5199/' failed: Error in connection establishment: net::ERR_CONNECTION_REFUSED @ http://localhost:5199/@vite/client:1034
[  255015ms] [ERROR] WebSocket connection to 'ws://localhost:5199/' failed: Error in connection establishment: net::ERR_CONNECTION_REFUSED @ http://localhost:5199/@vite/client:1034
[  259773ms] [ERROR] WebSocket connection to 'ws://localhost:5199/' failed: Error in connection establishment: net::ERR_CONNECTION_REFUSED @ http://localhost:5199/@vite/client:1034
[  265116ms] [ERROR] WebSocket connection to 'ws://localhost:5199/' failed: Error in connection establishment: net::ERR_CONNECTION_REFUSED @ http://localhost:5199/@vite/client:1034
[  271881ms] [ERROR] WebSocket connection to 'ws://localhost:5199/' failed: Error in connection establishment: net::ERR_CONNECTION_REFUSED @ http://localhost:5199/@vite/client:1034
[  278976ms] [ERROR] WebSocket connection to 'ws://localhost:5199/' failed: Error in connection establishment: net::ERR_CONNECTION_REFUSED @ http://localhost:5199/@vite/client:1034
[  284747ms] [ERROR] WebSocket connection to 'ws://localhost:5199/' failed: Error in connection establishment: net::ERR_CONNECTION_REFUSED @ http://localhost:5199/@vite/client:1034
[  291987ms] [ERROR] WebSocket connection to 'ws://localhost:5199/' failed: Error in connection establishment: net::ERR_CONNECTION_REFUSED @ http://localhost:5199/@vite/client:1034
[  297650ms] [ERROR] WebSocket connection to 'ws://localhost:5199/' failed: Error in connection establishment: net::ERR_CONNECTION_REFUSED @ http://localhost:5199/@vite/client:1034
[  303686ms] [ERROR] WebSocket connection to 'ws://localhost:5199/' failed: Error in connection establishment: net::ERR_CONNECTION_REFUSED @ http://localhost:5199/@vite/client:1034
[  310088ms] [ERROR] WebSocket connection to 'ws://localhost:5199/' failed: Error in connection establishment: net::ERR_CONNECTION_REFUSED @ http://localhost:5199/@vite/client:1034
[  315550ms] [ERROR] WebSocket connection to 'ws://localhost:5199/' failed: Error in connection establishment: net::ERR_CONNECTION_REFUSED @ http://localhost:5199/@vite/client:1034
[  322768ms] [ERROR] WebSocket connection to 'ws://localhost:5199/' failed: Error in connection establishment: net::ERR_CONNECTION_REFUSED @ http://localhost:5199/@vite/client:1034
[  329309ms] [ERROR] WebSocket connection to 'ws://localhost:5199/' failed: Error in connection establishment: net::ERR_CONNECTION_REFUSED @ http://localhost:5199/@vite/client:1034
[  335984ms] [ERROR] WebSocket connection to 'ws://localhost:5199/' failed: Error in connection establishment: net::ERR_CONNECTION_REFUSED @ http://localhost:5199/@vite/client:1034
[  341163ms] [ERROR] WebSocket connection to 'ws://localhost:5199/' failed: Error in connection establishment: net::ERR_CONNECTION_REFUSED @ http://localhost:5199/@vite/client:1034
[  347602ms] [ERROR] WebSocket connection to 'ws://localhost:5199/' failed: Error in connection establishment: net::ERR_CONNECTION_REFUSED @ http://localhost:5199/@vite/client:1034
[  354803ms] [ERROR] WebSocket connection to 'ws://localhost:5199/' failed: Error in connection establishment: net::ERR_CONNECTION_REFUSED @ http://localhost:5199/@vite/client:1034
[  361537ms] [ERROR] WebSocket connection to 'ws://localhost:5199/' failed: Error in connection establishment: net::ERR_CONNECTION_REFUSED @ http://localhost:5199/@vite/client:1034
[  369257ms] [ERROR] WebSocket connection to 'ws://localhost:5199/' failed: Error in connection establishment: net::ERR_CONNECTION_REFUSED @ http://localhost:5199/@vite/client:1034
[  374295ms] [ERROR] WebSocket connection to 'ws://localhost:5199/' failed: Error in connection establishment: net::ERR_CONNECTION_REFUSED @ http://localhost:5199/@vite/client:1034
[  381782ms] [ERROR] WebSocket connection to 'ws://localhost:5199/' failed: Error in connection establishment: net::ERR_CONNECTION_REFUSED @ http://localhost:5199/@vite/client:1034
[  388041ms] [ERROR] WebSocket connection to 'ws://localhost:5199/' failed: Error in connection establishment: net::ERR_CONNECTION_REFUSED @ http://localhost:5199/@vite/client:1034
[  394701ms] [ERROR] WebSocket connection to 'ws://localhost:5199/' failed: Error in connection establishment: net::ERR_CONNECTION_REFUSED @ http://localhost:5199/@vite/client:1034
[  401848ms] [ERROR] WebSocket connection to 'ws://localhost:5199/' failed: Error in connection establishment: net::ERR_CONNECTION_REFUSED @ http://localhost:5199/@vite/client:1034
[  409622ms] [ERROR] WebSocket connection to 'ws://localhost:5199/' failed: Error in connection establishment: net::ERR_CONNECTION_REFUSED @ http://localhost:5199/@vite/client:1034
[  417942ms] [ERROR] WebSocket connection to 'ws://localhost:5199/' failed: Error in connection establishment: net::ERR_CONNECTION_REFUSED @ http://localhost:5199/@vite/client:1034
[  425086ms] [ERROR] WebSocket connection to 'ws://localhost:5199/' failed: Error in connection establishment: net::ERR_CONNECTION_REFUSED @ http://localhost:5199/@vite/client:1034
[  430752ms] [ERROR] WebSocket connection to 'ws://localhost:5199/' failed: Error in connection establishment: net::ERR_CONNECTION_REFUSED @ http://localhost:5199/@vite/client:1034
[  435307ms] [ERROR] WebSocket connection to 'ws://localhost:5199/' failed: Error in connection establishment: net::ERR_CONNECTION_REFUSED @ http://localhost:5199/@vite/client:1034
[  438683ms] [ERROR] WebSocket connection to 'ws://localhost:5199/' failed: Error in connection establishment: net::ERR_CONNECTION_REFUSED @ http://localhost:5199/@vite/client:1034
[  442043ms] [ERROR] WebSocket connection to 'ws://localhost:5199/' failed: Error in connection establishment: net::ERR_CONNECTION_REFUSED @ http://localhost:5199/@vite/client:1034
[  445413ms] [ERROR] WebSocket connection to 'ws://localhost:5199/' failed: Error in connection establishment: net::ERR_CONNECTION_REFUSED @ http://localhost:5199/@vite/client:1034
[  448789ms] [ERROR] WebSocket connection to 'ws://localhost:5199/' failed: Error in connection establishment: net::ERR_CONNECTION_REFUSED @ http://localhost:5199/@vite/client:1034
[  452174ms] [ERROR] WebSocket connection to 'ws://localhost:5199/' failed: Error in connection establishment: net::ERR_CONNECTION_REFUSED @ http://localhost:5199/@vite/client:1034
[  455558ms] [ERROR] WebSocket connection to 'ws://localhost:5199/' failed: Error in connection establishment: net::ERR_CONNECTION_REFUSED @ http://localhost:5199/@vite/client:1034
[  458952ms] [ERROR] WebSocket connection to 'ws://localhost:5199/' failed: Error in connection establishment: net::ERR_CONNECTION_REFUSED @ http://localhost:5199/@vite/client:1034
[  462337ms] [ERROR] WebSocket connection to 'ws://localhost:5199/' failed: Error in connection establishment: net::ERR_CONNECTION_REFUSED @ http://localhost:5199/@vite/client:1034
[  465725ms] [ERROR] WebSocket connection to 'ws://localhost:5199/' failed: Error in connection establishment: net::ERR_CONNECTION_REFUSED @ http://localhost:5199/@vite/client:1034
[  469128ms] [ERROR] WebSocket connection to 'ws://localhost:5199/' failed: Error in connection establishment: net::ERR_CONNECTION_REFUSED @ http://localhost:5199/@vite/client:1034
[  472527ms] [ERROR] WebSocket connection to 'ws://localhost:5199/' failed: Error in connection establishment: net::ERR_CONNECTION_REFUSED @ http://localhost:5199/@vite/client:1034
[  475967ms] [ERROR] WebSocket connection to 'ws://localhost:5199/' failed: Error in connection establishment: net::ERR_CONNECTION_REFUSED @ http://localhost:5199/@vite/client:1034
[  479552ms] [ERROR] WebSocket connection to 'ws://localhost:5199/' failed: Error in connection establishment: net::ERR_CONNECTION_REFUSED @ http://localhost:5199/@vite/client:1034
[  483140ms] [ERROR] WebSocket connection to 'ws://localhost:5199/' failed: Error in connection establishment: net::ERR_CONNECTION_REFUSED @ http://localhost:5199/@vite/client:1034
[  487462ms] [ERROR] WebSocket connection to 'ws://localhost:5199/' failed: Error in connection establishment: net::ERR_CONNECTION_REFUSED @ http://localhost:5199/@vite/client:1034
[  492622ms] [ERROR] WebSocket connection to 'ws://localhost:5199/' failed: Error in connection establishment: net::ERR_CONNECTION_REFUSED @ http://localhost:5199/@vite/client:1034
[  499977ms] [ERROR] WebSocket connection to 'ws://localhost:5199/' failed: Error in connection establishment: net::ERR_CONNECTION_REFUSED @ http://localhost:5199/@vite/client:1034
[  505002ms] [ERROR] WebSocket connection to 'ws://localhost:5199/' failed: Error in connection establishment: net::ERR_CONNECTION_REFUSED @ http://localhost:5199/@vite/client:1034
[  510874ms] [ERROR] WebSocket connection to 'ws://localhost:5199/' failed: Error in connection establishment: net::ERR_CONNECTION_REFUSED @ http://localhost:5199/@vite/client:1034
[  516742ms] [ERROR] WebSocket connection to 'ws://localhost:5199/' failed: Error in connection establishment: net::ERR_CONNECTION_REFUSED @ http://localhost:5199/@vite/client:1034
[  521577ms] [ERROR] WebSocket connection to 'ws://localhost:5199/' failed: Error in connection establishment: net::ERR_CONNECTION_REFUSED @ http://localhost:5199/@vite/client:1034
[  528832ms] [ERROR] WebSocket connection to 'ws://localhost:5199/' failed: Error in connection establishment: net::ERR_CONNECTION_REFUSED @ http://localhost:5199/@vite/client:1034
[  535967ms] [ERROR] WebSocket connection to 'ws://localhost:5199/' failed: Error in connection establishment: net::ERR_CONNECTION_REFUSED @ http://localhost:5199/@vite/client:1034
[  542040ms] [ERROR] WebSocket connection to 'ws://localhost:5199/' failed: Error in connection establishment: net::ERR_CONNECTION_REFUSED @ http://localhost:5199/@vite/client:1034
[  547298ms] [ERROR] WebSocket connection to 'ws://localhost:5199/' failed: Error in connection establishment: net::ERR_CONNECTION_REFUSED @ http://localhost:5199/@vite/client:1034
[  552725ms] [ERROR] WebSocket connection to 'ws://localhost:5199/' failed: Error in connection establishment: net::ERR_CONNECTION_REFUSED @ http://localhost:5199/@vite/client:1034
[  557730ms] [ERROR] WebSocket connection to 'ws://localhost:5199/' failed: Error in connection establishment: net::ERR_CONNECTION_REFUSED @ http://localhost:5199/@vite/client:1034
[  565420ms] [ERROR] WebSocket connection to 'ws://localhost:5199/' failed: Error in connection establishment: net::ERR_CONNECTION_REFUSED @ http://localhost:5199/@vite/client:1034
[  573133ms] [ERROR] WebSocket connection to 'ws://localhost:5199/' failed: Error in connection establishment: net::ERR_CONNECTION_REFUSED @ http://localhost:5199/@vite/client:1034
[  579091ms] [ERROR] WebSocket connection to 'ws://localhost:5199/' failed: Error in connection establishment: net::ERR_CONNECTION_REFUSED @ http://localhost:5199/@vite/client:1034
[  587455ms] [ERROR] WebSocket connection to 'ws://localhost:5199/' failed: Error in connection establishment: net::ERR_CONNECTION_REFUSED @ http://localhost:5199/@vite/client:1034
[  595158ms] [ERROR] WebSocket connection to 'ws://localhost:5199/' failed: Error in connection establishment: net::ERR_CONNECTION_REFUSED @ http://localhost:5199/@vite/client:1034
[  600369ms] [ERROR] WebSocket connection to 'ws://localhost:5199/' failed: Error in connection establishment: net::ERR_CONNECTION_REFUSED @ http://localhost:5199/@vite/client:1034
[  608641ms] [ERROR] WebSocket connection to 'ws://localhost:5199/' failed: Error in connection establishment: net::ERR_CONNECTION_REFUSED @ http://localhost:5199/@vite/client:1034
[  613628ms] [ERROR] WebSocket connection to 'ws://localhost:5199/' failed: Error in connection establishment: net::ERR_CONNECTION_REFUSED @ http://localhost:5199/@vite/client:1034
[  620807ms] [ERROR] WebSocket connection to 'ws://localhost:5199/' failed: Error in connection establishment: net::ERR_CONNECTION_REFUSED @ http://localhost:5199/@vite/client:1034
[  629000ms] [ERROR] WebSocket connection to 'ws://localhost:5199/' failed: Error in connection establishment: net::ERR_CONNECTION_REFUSED @ http://localhost:5199/@vite/client:1034
[  636129ms] [ERROR] WebSocket connection to 'ws://localhost:5199/' failed: Error in connection establishment: net::ERR_CONNECTION_REFUSED @ http://localhost:5199/@vite/client:1034
[  643090ms] [ERROR] WebSocket connection to 'ws://localhost:5199/' failed: Error in connection establishment: net::ERR_CONNECTION_REFUSED @ http://localhost:5199/@vite/client:1034
[  648256ms] [ERROR] WebSocket connection to 'ws://localhost:5199/' failed: Error in connection establishment: net::ERR_CONNECTION_REFUSED @ http://localhost:5199/@vite/client:1034
[  653140ms] [ERROR] WebSocket connection to 'ws://localhost:5199/' failed: Error in connection establishment: net::ERR_CONNECTION_REFUSED @ http://localhost:5199/@vite/client:1034
[  661390ms] [ERROR] WebSocket connection to 'ws://localhost:5199/' failed: Error in connection establishment: net::ERR_CONNECTION_REFUSED @ http://localhost:5199/@vite/client:1034
[  669580ms] [ERROR] WebSocket connection to 'ws://localhost:5199/' failed: Error in connection establishment: net::ERR_CONNECTION_REFUSED @ http://localhost:5199/@vite/client:1034
[  677375ms] [ERROR] WebSocket connection to 'ws://localhost:5199/' failed: Error in connection establishment: net::ERR_CONNECTION_REFUSED @ http://localhost:5199/@vite/client:1034
[  681955ms] [ERROR] WebSocket connection to 'ws://localhost:5199/' failed: Error in connection establishment: net::ERR_CONNECTION_REFUSED @ http://localhost:5199/@vite/client:1034
[  688481ms] [ERROR] WebSocket connection to 'ws://localhost:5199/' failed: Error in connection establishment: net::ERR_CONNECTION_REFUSED @ http://localhost:5199/@vite/client:1034
[  694002ms] [ERROR] WebSocket connection to 'ws://localhost:5199/' failed: Error in connection establishment: net::ERR_CONNECTION_REFUSED @ http://localhost:5199/@vite/client:1034
[  699440ms] [ERROR] WebSocket connection to 'ws://localhost:5199/' failed: Error in connection establishment: net::ERR_CONNECTION_REFUSED @ http://localhost:5199/@vite/client:1034
[  704438ms] [ERROR] WebSocket connection to 'ws://localhost:5199/' failed: Error in connection establishment: net::ERR_CONNECTION_REFUSED @ http://localhost:5199/@vite/client:1034
[  710857ms] [ERROR] WebSocket connection to 'ws://localhost:5199/' failed: Error in connection establishment: net::ERR_CONNECTION_REFUSED @ http://localhost:5199/@vite/client:1034
[  716098ms] [ERROR] WebSocket connection to 'ws://localhost:5199/' failed: Error in connection establishment: net::ERR_CONNECTION_REFUSED @ http://localhost:5199/@vite/client:1034
[  723931ms] [ERROR] WebSocket connection to 'ws://localhost:5199/' failed: Error in connection establishment: net::ERR_CONNECTION_REFUSED @ http://localhost:5199/@vite/client:1034
[  728362ms] [ERROR] WebSocket connection to 'ws://localhost:5199/' failed: Error in connection establishment: net::ERR_CONNECTION_REFUSED @ http://localhost:5199/@vite/client:1034
[  733115ms] [ERROR] WebSocket connection to 'ws://localhost:5199/' failed: Error in connection establishment: net::ERR_CONNECTION_REFUSED @ http://localhost:5199/@vite/client:1034
[  737792ms] [ERROR] WebSocket connection to 'ws://localhost:5199/' failed: Error in connection establishment: net::ERR_CONNECTION_REFUSED @ http://localhost:5199/@vite/client:1034
[  745798ms] [ERROR] WebSocket connection to 'ws://localhost:5199/' failed: Error in connection establishment: net::ERR_CONNECTION_REFUSED @ http://localhost:5199/@vite/client:1034
[  750573ms] [ERROR] WebSocket connection to 'ws://localhost:5199/' failed: Error in connection establishment: net::ERR_CONNECTION_REFUSED @ http://localhost:5199/@vite/client:1034
[  758416ms] [ERROR] WebSocket connection to 'ws://localhost:5199/' failed: Error in connection establishment: net::ERR_CONNECTION_REFUSED @ http://localhost:5199/@vite/client:1034
[  766605ms] [ERROR] WebSocket connection to 'ws://localhost:5199/' failed: Error in connection establishment: net::ERR_CONNECTION_REFUSED @ http://localhost:5199/@vite/client:1034
[  774424ms] [ERROR] WebSocket connection to 'ws://localhost:5199/' failed: Error in connection establishment: net::ERR_CONNECTION_REFUSED @ http://localhost:5199/@vite/client:1034
[  780347ms] [ERROR] WebSocket connection to 'ws://localhost:5199/' failed: Error in connection establishment: net::ERR_CONNECTION_REFUSED @ http://localhost:5199/@vite/client:1034
[  788580ms] [ERROR] WebSocket connection to 'ws://localhost:5199/' failed: Error in connection establishment: net::ERR_CONNECTION_REFUSED @ http://localhost:5199/@vite/client:1034
[  793201ms] [ERROR] WebSocket connection to 'ws://localhost:5199/' failed: Error in connection establishment: net::ERR_CONNECTION_REFUSED @ http://localhost:5199/@vite/client:1034
[  798602ms] [ERROR] WebSocket connection to 'ws://localhost:5199/' failed: Error in connection establishment: net::ERR_CONNECTION_REFUSED @ http://localhost:5199/@vite/client:1034
[  806315ms] [ERROR] WebSocket connection to 'ws://localhost:5199/' failed: Error in connection establishment: net::ERR_CONNECTION_REFUSED @ http://localhost:5199/@vite/client:1034
[  812702ms] [ERROR] WebSocket connection to 'ws://localhost:5199/' failed: Error in connection establishment: net::ERR_CONNECTION_REFUSED @ http://localhost:5199/@vite/client:1034
[  818867ms] [ERROR] WebSocket connection to 'ws://localhost:5199/' failed: Error in connection establishment: net::ERR_CONNECTION_REFUSED @ http://localhost:5199/@vite/client:1034
[  824862ms] [ERROR] WebSocket connection to 'ws://localhost:5199/' failed: Error in connection establishment: net::ERR_CONNECTION_REFUSED @ http://localhost:5199/@vite/client:1034
[  832171ms] [ERROR] WebSocket connection to 'ws://localhost:5199/' failed: Error in connection establishment: net::ERR_CONNECTION_REFUSED @ http://localhost:5199/@vite/client:1034
[  839096ms] [ERROR] WebSocket connection to 'ws://localhost:5199/' failed: Error in connection establishment: net::ERR_CONNECTION_REFUSED @ http://localhost:5199/@vite/client:1034
[  844133ms] [ERROR] WebSocket connection to 'ws://localhost:5199/' failed: Error in connection establishment: net::ERR_CONNECTION_REFUSED @ http://localhost:5199/@vite/client:1034
[  850893ms] [ERROR] WebSocket connection to 'ws://localhost:5199/' failed: Error in connection establishment: net::ERR_CONNECTION_REFUSED @ http://localhost:5199/@vite/client:1034
[  855549ms] [ERROR] WebSocket connection to 'ws://localhost:5199/' failed: Error in connection establishment: net::ERR_CONNECTION_REFUSED @ http://localhost:5199/@vite/client:1034
[  862024ms] [ERROR] WebSocket connection to 'ws://localhost:5199/' failed: Error in connection establishment: net::ERR_CONNECTION_REFUSED @ http://localhost:5199/@vite/client:1034
[  867025ms] [ERROR] WebSocket connection to 'ws://localhost:5199/' failed: Error in connection establishment: net::ERR_CONNECTION_REFUSED @ http://localhost:5199/@vite/client:1034
[  874052ms] [ERROR] WebSocket connection to 'ws://localhost:5199/' failed: Error in connection establishment: net::ERR_CONNECTION_REFUSED @ http://localhost:5199/@vite/client:1034
[  881048ms] [ERROR] WebSocket connection to 'ws://localhost:5199/' failed: Error in connection establishment: net::ERR_CONNECTION_REFUSED @ http://localhost:5199/@vite/client:1034
[  888514ms] [ERROR] WebSocket connection to 'ws://localhost:5199/' failed: Error in connection establishment: net::ERR_CONNECTION_REFUSED @ http://localhost:5199/@vite/client:1034
[  893302ms] [ERROR] WebSocket connection to 'ws://localhost:5199/' failed: Error in connection establishment: net::ERR_CONNECTION_REFUSED @ http://localhost:5199/@vite/client:1034
[  899786ms] [ERROR] WebSocket connection to 'ws://localhost:5199/' failed: Error in connection establishment: net::ERR_CONNECTION_REFUSED @ http://localhost:5199/@vite/client:1034
[  908073ms] [ERROR] WebSocket connection to 'ws://localhost:5199/' failed: Error in connection establishment: net::ERR_CONNECTION_REFUSED @ http://localhost:5199/@vite/client:1034
[  912885ms] [ERROR] WebSocket connection to 'ws://localhost:5199/' failed: Error in connection establishment: net::ERR_CONNECTION_REFUSED @ http://localhost:5199/@vite/client:1034
[  917702ms] [ERROR] WebSocket connection to 'ws://localhost:5199/' failed: Error in connection establishment: net::ERR_CONNECTION_REFUSED @ http://localhost:5199/@vite/client:1034
[  925744ms] [ERROR] WebSocket connection to 'ws://localhost:5199/' failed: Error in connection establishment: net::ERR_CONNECTION_REFUSED @ http://localhost:5199/@vite/client:1034
[  933190ms] [ERROR] WebSocket connection to 'ws://localhost:5199/' failed: Error in connection establishment: net::ERR_CONNECTION_REFUSED @ http://localhost:5199/@vite/client:1034
[  939462ms] [ERROR] WebSocket connection to 'ws://localhost:5199/' failed: Error in connection establishment: net::ERR_CONNECTION_REFUSED @ http://localhost:5199/@vite/client:1034
[  944983ms] [ERROR] WebSocket connection to 'ws://localhost:5199/' failed: Error in connection establishment: net::ERR_CONNECTION_REFUSED @ http://localhost:5199/@vite/client:1034
[  949900ms] [ERROR] WebSocket connection to 'ws://localhost:5199/' failed: Error in connection establishment: net::ERR_CONNECTION_REFUSED @ http://localhost:5199/@vite/client:1034
[  957047ms] [ERROR] WebSocket connection to 'ws://localhost:5199/' failed: Error in connection establishment: net::ERR_CONNECTION_REFUSED @ http://localhost:5199/@vite/client:1034
[  965065ms] [ERROR] WebSocket connection to 'ws://localhost:5199/' failed: Error in connection establishment: net::ERR_CONNECTION_REFUSED @ http://localhost:5199/@vite/client:1034
[  972508ms] [ERROR] WebSocket connection to 'ws://localhost:5199/' failed: Error in connection establishment: net::ERR_CONNECTION_REFUSED @ http://localhost:5199/@vite/client:1034
[  977605ms] [ERROR] WebSocket connection to 'ws://localhost:5199/' failed: Error in connection establishment: net::ERR_CONNECTION_REFUSED @ http://localhost:5199/@vite/client:1034
[  982169ms] [ERROR] WebSocket connection to 'ws://localhost:5199/' failed: Error in connection establishment: net::ERR_CONNECTION_REFUSED @ http://localhost:5199/@vite/client:1034
[  989532ms] [ERROR] WebSocket connection to 'ws://localhost:5199/' failed: Error in connection establishment: net::ERR_CONNECTION_REFUSED @ http://localhost:5199/@vite/client:1034
[  996600ms] [ERROR] WebSocket connection to 'ws://localhost:5199/' failed: Error in connection establishment: net::ERR_CONNECTION_REFUSED @ http://localhost:5199/@vite/client:1034
[ 1003478ms] [ERROR] WebSocket connection to 'ws://localhost:5199/' failed: Error in connection establishment: net::ERR_CONNECTION_REFUSED @ http://localhost:5199/@vite/client:1034
[ 1008399ms] [ERROR] WebSocket connection to 'ws://localhost:5199/' failed: Error in connection establishment: net::ERR_CONNECTION_REFUSED @ http://localhost:5199/@vite/client:1034
[ 1014668ms] [ERROR] WebSocket connection to 'ws://localhost:5199/' failed: Error in connection establishment: net::ERR_CONNECTION_REFUSED @ http://localhost:5199/@vite/client:1034
[ 1021074ms] [ERROR] WebSocket connection to 'ws://localhost:5199/' failed: Error in connection establishment: net::ERR_CONNECTION_REFUSED @ http://localhost:5199/@vite/client:1034
[ 1027590ms] [ERROR] WebSocket connection to 'ws://localhost:5199/' failed: Error in connection establishment: net::ERR_CONNECTION_REFUSED @ http://localhost:5199/@vite/client:1034
[ 1034494ms] [ERROR] WebSocket connection to 'ws://localhost:5199/' failed: Error in connection establishment: net::ERR_CONNECTION_REFUSED @ http://localhost:5199/@vite/client:1034
[ 1041808ms] [ERROR] WebSocket connection to 'ws://localhost:5199/' failed: Error in connection establishment: net::ERR_CONNECTION_REFUSED @ http://localhost:5199/@vite/client:1034
[ 1046917ms] [ERROR] WebSocket connection to 'ws://localhost:5199/' failed: Error in connection establishment: net::ERR_CONNECTION_REFUSED @ http://localhost:5199/@vite/client:1034
[ 1055212ms] [ERROR] WebSocket connection to 'ws://localhost:5199/' failed: Error in connection establishment: net::ERR_CONNECTION_REFUSED @ http://localhost:5199/@vite/client:1034
[ 1061873ms] [ERROR] WebSocket connection to 'ws://localhost:5199/' failed: Error in connection establishment: net::ERR_CONNECTION_REFUSED @ http://localhost:5199/@vite/client:1034
[ 1068803ms] [ERROR] WebSocket connection to 'ws://localhost:5199/' failed: Error in connection establishment: net::ERR_CONNECTION_REFUSED @ http://localhost:5199/@vite/client:1034
[ 1075713ms] [ERROR] WebSocket connection to 'ws://localhost:5199/' failed: Error in connection establishment: net::ERR_CONNECTION_REFUSED @ http://localhost:5199/@vite/client:1034
[ 1082849ms] [ERROR] WebSocket connection to 'ws://localhost:5199/' failed: Error in connection establishment: net::ERR_CONNECTION_REFUSED @ http://localhost:5199/@vite/client:1034
[ 1089157ms] [ERROR] WebSocket connection to 'ws://localhost:5199/' failed: Error in connection establishment: net::ERR_CONNECTION_REFUSED @ http://localhost:5199/@vite/client:1034
[ 1094315ms] [ERROR] WebSocket connection to 'ws://localhost:5199/' failed: Error in connection establishment: net::ERR_CONNECTION_REFUSED @ http://localhost:5199/@vite/client:1034
[ 1101038ms] [ERROR] WebSocket connection to 'ws://localhost:5199/' failed: Error in connection establishment: net::ERR_CONNECTION_REFUSED @ http://localhost:5199/@vite/client:1034
[ 1107728ms] [ERROR] WebSocket connection to 'ws://localhost:5199/' failed: Error in connection establishment: net::ERR_CONNECTION_REFUSED @ http://localhost:5199/@vite/client:1034
[ 1114357ms] [ERROR] WebSocket connection to 'ws://localhost:5199/' failed: Error in connection establishment: net::ERR_CONNECTION_REFUSED @ http://localhost:5199/@vite/client:1034
[ 1121665ms] [ERROR] WebSocket connection to 'ws://localhost:5199/' failed: Error in connection establishment: net::ERR_CONNECTION_REFUSED @ http://localhost:5199/@vite/client:1034
[ 1126222ms] [ERROR] WebSocket connection to 'ws://localhost:5199/' failed: Error in connection establishment: net::ERR_CONNECTION_REFUSED @ http://localhost:5199/@vite/client:1034
[ 1133935ms] [ERROR] WebSocket connection to 'ws://localhost:5199/' failed: Error in connection establishment: net::ERR_CONNECTION_REFUSED @ http://localhost:5199/@vite/client:1034
[ 1140399ms] [ERROR] WebSocket connection to 'ws://localhost:5199/' failed: Error in connection establishment: net::ERR_CONNECTION_REFUSED @ http://localhost:5199/@vite/client:1034
[ 1148740ms] [ERROR] WebSocket connection to 'ws://localhost:5199/' failed: Error in connection establishment: net::ERR_CONNECTION_REFUSED @ http://localhost:5199/@vite/client:1034
[ 1154428ms] [ERROR] WebSocket connection to 'ws://localhost:5199/' failed: Error in connection establishment: net::ERR_CONNECTION_REFUSED @ http://localhost:5199/@vite/client:1034
[ 1161017ms] [ERROR] WebSocket connection to 'ws://localhost:5199/' failed: Error in connection establishment: net::ERR_CONNECTION_REFUSED @ http://localhost:5199/@vite/client:1034
[ 1168430ms] [ERROR] WebSocket connection to 'ws://localhost:5199/' failed: Error in connection establishment: net::ERR_CONNECTION_REFUSED @ http://localhost:5199/@vite/client:1034
[ 1173698ms] [ERROR] WebSocket connection to 'ws://localhost:5199/' failed: Error in connection establishment: net::ERR_CONNECTION_REFUSED @ http://localhost:5199/@vite/client:1034
[ 1181210ms] [ERROR] WebSocket connection to 'ws://localhost:5199/' failed: Error in connection establishment: net::ERR_CONNECTION_REFUSED @ http://localhost:5199/@vite/client:1034
[ 1187272ms] [ERROR] WebSocket connection to 'ws://localhost:5199/' failed: Error in connection establishment: net::ERR_CONNECTION_REFUSED @ http://localhost:5199/@vite/client:1034
[ 1195618ms] [ERROR] WebSocket connection to 'ws://localhost:5199/' failed: Error in connection establishment: net::ERR_CONNECTION_REFUSED @ http://localhost:5199/@vite/client:1034
[ 1201272ms] [ERROR] WebSocket connection to 'ws://localhost:5199/' failed: Error in connection establishment: net::ERR_CONNECTION_REFUSED @ http://localhost:5199/@vite/client:1034
[ 1208966ms] [ERROR] WebSocket connection to 'ws://localhost:5199/' failed: Error in connection establishment: net::ERR_CONNECTION_REFUSED @ http://localhost:5199/@vite/client:1034
[ 1215533ms] [ERROR] WebSocket connection to 'ws://localhost:5199/' failed: Error in connection establishment: net::ERR_CONNECTION_REFUSED @ http://localhost:5199/@vite/client:1034
[ 1221478ms] [ERROR] WebSocket connection to 'ws://localhost:5199/' failed: Error in connection establishment: net::ERR_CONNECTION_REFUSED @ http://localhost:5199/@vite/client:1034
[ 1228026ms] [ERROR] WebSocket connection to 'ws://localhost:5199/' failed: Error in connection establishment: net::ERR_CONNECTION_REFUSED @ http://localhost:5199/@vite/client:1034
[ 1234172ms] [ERROR] WebSocket connection to 'ws://localhost:5199/' failed: Error in connection establishment: net::ERR_CONNECTION_REFUSED @ http://localhost:5199/@vite/client:1034
[ 1239688ms] [ERROR] WebSocket connection to 'ws://localhost:5199/' failed: Error in connection establishment: net::ERR_CONNECTION_REFUSED @ http://localhost:5199/@vite/client:1034
[ 1247481ms] [ERROR] WebSocket connection to 'ws://localhost:5199/' failed: Error in connection establishment: net::ERR_CONNECTION_REFUSED @ http://localhost:5199/@vite/client:1034
[ 1254996ms] [ERROR] WebSocket connection to 'ws://localhost:5199/' failed: Error in connection establishment: net::ERR_CONNECTION_REFUSED @ http://localhost:5199/@vite/client:1034
[ 1261674ms] [ERROR] WebSocket connection to 'ws://localhost:5199/' failed: Error in connection establishment: net::ERR_CONNECTION_REFUSED @ http://localhost:5199/@vite/client:1034
[ 1268151ms] [ERROR] WebSocket connection to 'ws://localhost:5199/' failed: Error in connection establishment: net::ERR_CONNECTION_REFUSED @ http://localhost:5199/@vite/client:1034
[ 1276228ms] [ERROR] WebSocket connection to 'ws://localhost:5199/' failed: Error in connection establishment: net::ERR_CONNECTION_REFUSED @ http://localhost:5199/@vite/client:1034
[ 1279599ms] [ERROR] WebSocket connection to 'ws://localhost:5199/' failed: Error in connection establishment: net::ERR_CONNECTION_REFUSED @ http://localhost:5199/@vite/client:1034
[ 1282952ms] [ERROR] WebSocket connection to 'ws://localhost:5199/' failed: Error in connection establishment: net::ERR_CONNECTION_REFUSED @ http://localhost:5199/@vite/client:1034
[ 1286323ms] [ERROR] WebSocket connection to 'ws://localhost:5199/' failed: Error in connection establishment: net::ERR_CONNECTION_REFUSED @ http://localhost:5199/@vite/client:1034
[ 1289691ms] [ERROR] WebSocket connection to 'ws://localhost:5199/' failed: Error in connection establishment: net::ERR_CONNECTION_REFUSED @ http://localhost:5199/@vite/client:1034
[ 1293053ms] [ERROR] WebSocket connection to 'ws://localhost:5199/' failed: Error in connection establishment: net::ERR_CONNECTION_REFUSED @ http://localhost:5199/@vite/client:1034
[ 1296421ms] [ERROR] WebSocket connection to 'ws://localhost:5199/' failed: Error in connection establishment: net::ERR_CONNECTION_REFUSED @ http://localhost:5199/@vite/client:1034
[ 1299806ms] [ERROR] WebSocket connection to 'ws://localhost:5199/' failed: Error in connection establishment: net::ERR_CONNECTION_REFUSED @ http://localhost:5199/@vite/client:1034
[ 1303198ms] [ERROR] WebSocket connection to 'ws://localhost:5199/' failed: Error in connection establishment: net::ERR_CONNECTION_REFUSED @ http://localhost:5199/@vite/client:1034
[ 1306588ms] [ERROR] WebSocket connection to 'ws://localhost:5199/' failed: Error in connection establishment: net::ERR_CONNECTION_REFUSED @ http://localhost:5199/@vite/client:1034
[ 1309996ms] [ERROR] WebSocket connection to 'ws://localhost:5199/' failed: Error in connection establishment: net::ERR_CONNECTION_REFUSED @ http://localhost:5199/@vite/client:1034
[ 1313417ms] [ERROR] WebSocket connection to 'ws://localhost:5199/' failed: Error in connection establishment: net::ERR_CONNECTION_REFUSED @ http://localhost:5199/@vite/client:1034
[ 1316834ms] [ERROR] WebSocket connection to 'ws://localhost:5199/' failed: Error in connection establishment: net::ERR_CONNECTION_REFUSED @ http://localhost:5199/@vite/client:1034
[ 1320414ms] [ERROR] WebSocket connection to 'ws://localhost:5199/' failed: Error in connection establishment: net::ERR_CONNECTION_REFUSED @ http://localhost:5199/@vite/client:1034
[ 1324063ms] [ERROR] WebSocket connection to 'ws://localhost:5199/' failed: Error in connection establishment: net::ERR_CONNECTION_REFUSED @ http://localhost:5199/@vite/client:1034
[ 1327977ms] [ERROR] WebSocket connection to 'ws://localhost:5199/' failed: Error in connection establishment: net::ERR_CONNECTION_REFUSED @ http://localhost:5199/@vite/client:1034
[ 1333684ms] [ERROR] WebSocket connection to 'ws://localhost:5199/' failed: Error in connection establishment: net::ERR_CONNECTION_REFUSED @ http://localhost:5199/@vite/client:1034
[ 1338450ms] [ERROR] WebSocket connection to 'ws://localhost:5199/' failed: Error in connection establishment: net::ERR_CONNECTION_REFUSED @ http://localhost:5199/@vite/client:1034
[ 1344555ms] [ERROR] WebSocket connection to 'ws://localhost:5199/' failed: Error in connection establishment: net::ERR_CONNECTION_REFUSED @ http://localhost:5199/@vite/client:1034
[ 1352677ms] [ERROR] WebSocket connection to 'ws://localhost:5199/' failed: Error in connection establishment: net::ERR_CONNECTION_REFUSED @ http://localhost:5199/@vite/client:1034
[ 1358697ms] [ERROR] WebSocket connection to 'ws://localhost:5199/' failed: Error in connection establishment: net::ERR_CONNECTION_REFUSED @ http://localhost:5199/@vite/client:1034
[ 1363667ms] [ERROR] WebSocket connection to 'ws://localhost:5199/' failed: Error in connection establishment: net::ERR_CONNECTION_REFUSED @ http://localhost:5199/@vite/client:1034
[ 1372041ms] [ERROR] WebSocket connection to 'ws://localhost:5199/' failed: Error in connection establishment: net::ERR_CONNECTION_REFUSED @ http://localhost:5199/@vite/client:1034
[ 1377806ms] [ERROR] WebSocket connection to 'ws://localhost:5199/' failed: Error in connection establishment: net::ERR_CONNECTION_REFUSED @ http://localhost:5199/@vite/client:1034
[ 1383893ms] [ERROR] WebSocket connection to 'ws://localhost:5199/' failed: Error in connection establishment: net::ERR_CONNECTION_REFUSED @ http://localhost:5199/@vite/client:1034
[ 1391727ms] [ERROR] WebSocket connection to 'ws://localhost:5199/' failed: Error in connection establishment: net::ERR_CONNECTION_REFUSED @ http://localhost:5199/@vite/client:1034
[ 1396127ms] [ERROR] WebSocket connection to 'ws://localhost:5199/' failed: Error in connection establishment: net::ERR_CONNECTION_REFUSED @ http://localhost:5199/@vite/client:1034
[ 1402012ms] [ERROR] WebSocket connection to 'ws://localhost:5199/' failed: Error in connection establishment: net::ERR_CONNECTION_REFUSED @ http://localhost:5199/@vite/client:1034
[ 1407617ms] [ERROR] WebSocket connection to 'ws://localhost:5199/' failed: Error in connection establishment: net::ERR_CONNECTION_REFUSED @ http://localhost:5199/@vite/client:1034
[ 1414706ms] [ERROR] WebSocket connection to 'ws://localhost:5199/' failed: Error in connection establishment: net::ERR_CONNECTION_REFUSED @ http://localhost:5199/@vite/client:1034
[ 1422307ms] [ERROR] WebSocket connection to 'ws://localhost:5199/' failed: Error in connection establishment: net::ERR_CONNECTION_REFUSED @ http://localhost:5199/@vite/client:1034
[ 1429306ms] [ERROR] WebSocket connection to 'ws://localhost:5199/' failed: Error in connection establishment: net::ERR_CONNECTION_REFUSED @ http://localhost:5199/@vite/client:1034
[ 1435087ms] [ERROR] WebSocket connection to 'ws://localhost:5199/' failed: Error in connection establishment: net::ERR_CONNECTION_REFUSED @ http://localhost:5199/@vite/client:1034
[ 1442064ms] [ERROR] WebSocket connection to 'ws://localhost:5199/' failed: Error in connection establishment: net::ERR_CONNECTION_REFUSED @ http://localhost:5199/@vite/client:1034
[ 1448544ms] [ERROR] WebSocket connection to 'ws://localhost:5199/' failed: Error in connection establishment: net::ERR_CONNECTION_REFUSED @ http://localhost:5199/@vite/client:1034
[ 1453593ms] [ERROR] WebSocket connection to 'ws://localhost:5199/' failed: Error in connection establishment: net::ERR_CONNECTION_REFUSED @ http://localhost:5199/@vite/client:1034
[ 1461398ms] [ERROR] WebSocket connection to 'ws://localhost:5199/' failed: Error in connection establishment: net::ERR_CONNECTION_REFUSED @ http://localhost:5199/@vite/client:1034
[ 1466060ms] [ERROR] WebSocket connection to 'ws://localhost:5199/' failed: Error in connection establishment: net::ERR_CONNECTION_REFUSED @ http://localhost:5199/@vite/client:1034
[ 1471049ms] [ERROR] WebSocket connection to 'ws://localhost:5199/' failed: Error in connection establishment: net::ERR_CONNECTION_REFUSED @ http://localhost:5199/@vite/client:1034
[ 1477649ms] [ERROR] WebSocket connection to 'ws://localhost:5199/' failed: Error in connection establishment: net::ERR_CONNECTION_REFUSED @ http://localhost:5199/@vite/client:1034
[ 1485243ms] [ERROR] WebSocket connection to 'ws://localhost:5199/' failed: Error in connection establishment: net::ERR_CONNECTION_REFUSED @ http://localhost:5199/@vite/client:1034
[ 1490133ms] [ERROR] WebSocket connection to 'ws://localhost:5199/' failed: Error in connection establishment: net::ERR_CONNECTION_REFUSED @ http://localhost:5199/@vite/client:1034
[ 1496961ms] [ERROR] WebSocket connection to 'ws://localhost:5199/' failed: Error in connection establishment: net::ERR_CONNECTION_REFUSED @ http://localhost:5199/@vite/client:1034
[ 1502725ms] [ERROR] WebSocket connection to 'ws://localhost:5199/' failed: Error in connection establishment: net::ERR_CONNECTION_REFUSED @ http://localhost:5199/@vite/client:1034
[ 1508203ms] [ERROR] WebSocket connection to 'ws://localhost:5199/' failed: Error in connection establishment: net::ERR_CONNECTION_REFUSED @ http://localhost:5199/@vite/client:1034
[ 1513725ms] [ERROR] WebSocket connection to 'ws://localhost:5199/' failed: Error in connection establishment: net::ERR_CONNECTION_REFUSED @ http://localhost:5199/@vite/client:1034
[ 1521731ms] [ERROR] WebSocket connection to 'ws://localhost:5199/' failed: Error in connection establishment: net::ERR_CONNECTION_REFUSED @ http://localhost:5199/@vite/client:1034
[ 1526501ms] [ERROR] WebSocket connection to 'ws://localhost:5199/' failed: Error in connection establishment: net::ERR_CONNECTION_REFUSED @ http://localhost:5199/@vite/client:1034
[ 1533807ms] [ERROR] WebSocket connection to 'ws://localhost:5199/' failed: Error in connection establishment: net::ERR_CONNECTION_REFUSED @ http://localhost:5199/@vite/client:1034
[ 1540616ms] [ERROR] WebSocket connection to 'ws://localhost:5199/' failed: Error in connection establishment: net::ERR_CONNECTION_REFUSED @ http://localhost:5199/@vite/client:1034
[ 1546954ms] [ERROR] WebSocket connection to 'ws://localhost:5199/' failed: Error in connection establishment: net::ERR_CONNECTION_REFUSED @ http://localhost:5199/@vite/client:1034
[ 1554681ms] [ERROR] WebSocket connection to 'ws://localhost:5199/' failed: Error in connection establishment: net::ERR_CONNECTION_REFUSED @ http://localhost:5199/@vite/client:1034
[ 1562725ms] [ERROR] WebSocket connection to 'ws://localhost:5199/' failed: Error in connection establishment: net::ERR_CONNECTION_REFUSED @ http://localhost:5199/@vite/client:1034
[ 1568630ms] [ERROR] WebSocket connection to 'ws://localhost:5199/' failed: Error in connection establishment: net::ERR_CONNECTION_REFUSED @ http://localhost:5199/@vite/client:1034
[ 1574875ms] [ERROR] WebSocket connection to 'ws://localhost:5199/' failed: Error in connection establishment: net::ERR_CONNECTION_REFUSED @ http://localhost:5199/@vite/client:1034
[ 1581671ms] [ERROR] WebSocket connection to 'ws://localhost:5199/' failed: Error in connection establishment: net::ERR_CONNECTION_REFUSED @ http://localhost:5199/@vite/client:1034
[ 1588847ms] [ERROR] WebSocket connection to 'ws://localhost:5199/' failed: Error in connection establishment: net::ERR_CONNECTION_REFUSED @ http://localhost:5199/@vite/client:1034
[ 1594263ms] [ERROR] WebSocket connection to 'ws://localhost:5199/' failed: Error in connection establishment: net::ERR_CONNECTION_REFUSED @ http://localhost:5199/@vite/client:1034
[ 1601037ms] [ERROR] WebSocket connection to 'ws://localhost:5199/' failed: Error in connection establishment: net::ERR_CONNECTION_REFUSED @ http://localhost:5199/@vite/client:1034
[ 1608774ms] [ERROR] WebSocket connection to 'ws://localhost:5199/' failed: Error in connection establishment: net::ERR_CONNECTION_REFUSED @ http://localhost:5199/@vite/client:1034
[ 1614278ms] [ERROR] WebSocket connection to 'ws://localhost:5199/' failed: Error in connection establishment: net::ERR_CONNECTION_REFUSED @ http://localhost:5199/@vite/client:1034
[ 1621253ms] [ERROR] WebSocket connection to 'ws://localhost:5199/' failed: Error in connection establishment: net::ERR_CONNECTION_REFUSED @ http://localhost:5199/@vite/client:1034
[ 1627951ms] [ERROR] WebSocket connection to 'ws://localhost:5199/' failed: Error in connection establishment: net::ERR_CONNECTION_REFUSED @ http://localhost:5199/@vite/client:1034
[ 1633467ms] [ERROR] WebSocket connection to 'ws://localhost:5199/' failed: Error in connection establishment: net::ERR_CONNECTION_REFUSED @ http://localhost:5199/@vite/client:1034
[ 1640058ms] [ERROR] WebSocket connection to 'ws://localhost:5199/' failed: Error in connection establishment: net::ERR_CONNECTION_REFUSED @ http://localhost:5199/@vite/client:1034
[ 1647279ms] [ERROR] WebSocket connection to 'ws://localhost:5199/' failed: Error in connection establishment: net::ERR_CONNECTION_REFUSED @ http://localhost:5199/@vite/client:1034
[ 1654864ms] [ERROR] WebSocket connection to 'ws://localhost:5199/' failed: Error in connection establishment: net::ERR_CONNECTION_REFUSED @ http://localhost:5199/@vite/client:1034
[ 1661931ms] [ERROR] WebSocket connection to 'ws://localhost:5199/' failed: Error in connection establishment: net::ERR_CONNECTION_REFUSED @ http://localhost:5199/@vite/client:1034
[ 1667554ms] [ERROR] WebSocket connection to 'ws://localhost:5199/' failed: Error in connection establishment: net::ERR_CONNECTION_REFUSED @ http://localhost:5199/@vite/client:1034
[ 1674155ms] [ERROR] WebSocket connection to 'ws://localhost:5199/' failed: Error in connection establishment: net::ERR_CONNECTION_REFUSED @ http://localhost:5199/@vite/client:1034
[ 1679315ms] [ERROR] WebSocket connection to 'ws://localhost:5199/' failed: Error in connection establishment: net::ERR_CONNECTION_REFUSED @ http://localhost:5199/@vite/client:1034
[ 1686143ms] [ERROR] WebSocket connection to 'ws://localhost:5199/' failed: Error in connection establishment: net::ERR_CONNECTION_REFUSED @ http://localhost:5199/@vite/client:1034
[ 1691104ms] [ERROR] WebSocket connection to 'ws://localhost:5199/' failed: Error in connection establishment: net::ERR_CONNECTION_REFUSED @ http://localhost:5199/@vite/client:1034
[ 1695919ms] [ERROR] WebSocket connection to 'ws://localhost:5199/' failed: Error in connection establishment: net::ERR_CONNECTION_REFUSED @ http://localhost:5199/@vite/client:1034
[ 1700527ms] [ERROR] WebSocket connection to 'ws://localhost:5199/' failed: Error in connection establishment: net::ERR_CONNECTION_REFUSED @ http://localhost:5199/@vite/client:1034
[ 1708320ms] [ERROR] WebSocket connection to 'ws://localhost:5199/' failed: Error in connection establishment: net::ERR_CONNECTION_REFUSED @ http://localhost:5199/@vite/client:1034
[ 1712760ms] [ERROR] WebSocket connection to 'ws://localhost:5199/' failed: Error in connection establishment: net::ERR_CONNECTION_REFUSED @ http://localhost:5199/@vite/client:1034
[ 1718990ms] [ERROR] WebSocket connection to 'ws://localhost:5199/' failed: Error in connection establishment: net::ERR_CONNECTION_REFUSED @ http://localhost:5199/@vite/client:1034
[ 1725738ms] [ERROR] WebSocket connection to 'ws://localhost:5199/' failed: Error in connection establishment: net::ERR_CONNECTION_REFUSED @ http://localhost:5199/@vite/client:1034
[ 1730667ms] [ERROR] WebSocket connection to 'ws://localhost:5199/' failed: Error in connection establishment: net::ERR_CONNECTION_REFUSED @ http://localhost:5199/@vite/client:1034
[ 1736051ms] [ERROR] WebSocket connection to 'ws://localhost:5199/' failed: Error in connection establishment: net::ERR_CONNECTION_REFUSED @ http://localhost:5199/@vite/client:1034
[ 1742211ms] [ERROR] WebSocket connection to 'ws://localhost:5199/' failed: Error in connection establishment: net::ERR_CONNECTION_REFUSED @ http://localhost:5199/@vite/client:1034
[ 1748181ms] [ERROR] WebSocket connection to 'ws://localhost:5199/' failed: Error in connection establishment: net::ERR_CONNECTION_REFUSED @ http://localhost:5199/@vite/client:1034
[ 1755308ms] [ERROR] WebSocket connection to 'ws://localhost:5199/' failed: Error in connection establishment: net::ERR_CONNECTION_REFUSED @ http://localhost:5199/@vite/client:1034
[ 1760647ms] [ERROR] WebSocket connection to 'ws://localhost:5199/' failed: Error in connection establishment: net::ERR_CONNECTION_REFUSED @ http://localhost:5199/@vite/client:1034
[ 1767011ms] [ERROR] WebSocket connection to 'ws://localhost:5199/' failed: Error in connection establishment: net::ERR_CONNECTION_REFUSED @ http://localhost:5199/@vite/client:1034
[ 1773591ms] [ERROR] WebSocket connection to 'ws://localhost:5199/' failed: Error in connection establishment: net::ERR_CONNECTION_REFUSED @ http://localhost:5199/@vite/client:1034
[ 1781270ms] [ERROR] WebSocket connection to 'ws://localhost:5199/' failed: Error in connection establishment: net::ERR_CONNECTION_REFUSED @ http://localhost:5199/@vite/client:1034
[ 1789237ms] [ERROR] WebSocket connection to 'ws://localhost:5199/' failed: Error in connection establishment: net::ERR_CONNECTION_REFUSED @ http://localhost:5199/@vite/client:1034
[ 1795364ms] [ERROR] WebSocket connection to 'ws://localhost:5199/' failed: Error in connection establishment: net::ERR_CONNECTION_REFUSED @ http://localhost:5199/@vite/client:1034
[ 1800496ms] [ERROR] WebSocket connection to 'ws://localhost:5199/' failed: Error in connection establishment: net::ERR_CONNECTION_REFUSED @ http://localhost:5199/@vite/client:1034
[ 1808087ms] [ERROR] WebSocket connection to 'ws://localhost:5199/' failed: Error in connection establishment: net::ERR_CONNECTION_REFUSED @ http://localhost:5199/@vite/client:1034
[ 1812548ms] [ERROR] WebSocket connection to 'ws://localhost:5199/' failed: Error in connection establishment: net::ERR_CONNECTION_REFUSED @ http://localhost:5199/@vite/client:1034
[ 1816943ms] [ERROR] WebSocket connection to 'ws://localhost:5199/' failed: Error in connection establishment: net::ERR_CONNECTION_REFUSED @ http://localhost:5199/@vite/client:1034
[ 1821549ms] [ERROR] WebSocket connection to 'ws://localhost:5199/' failed: Error in connection establishment: net::ERR_CONNECTION_REFUSED @ http://localhost:5199/@vite/client:1034
[ 1826891ms] [ERROR] WebSocket connection to 'ws://localhost:5199/' failed: Error in connection establishment: net::ERR_CONNECTION_REFUSED @ http://localhost:5199/@vite/client:1034
[ 1832643ms] [ERROR] WebSocket connection to 'ws://localhost:5199/' failed: Error in connection establishment: net::ERR_CONNECTION_REFUSED @ http://localhost:5199/@vite/client:1034
[ 1840605ms] [ERROR] WebSocket connection to 'ws://localhost:5199/' failed: Error in connection establishment: net::ERR_CONNECTION_REFUSED @ http://localhost:5199/@vite/client:1034
[ 1847109ms] [ERROR] WebSocket connection to 'ws://localhost:5199/' failed: Error in connection establishment: net::ERR_CONNECTION_REFUSED @ http://localhost:5199/@vite/client:1034
[ 1852455ms] [ERROR] WebSocket connection to 'ws://localhost:5199/' failed: Error in connection establishment: net::ERR_CONNECTION_REFUSED @ http://localhost:5199/@vite/client:1034
[ 1859587ms] [ERROR] WebSocket connection to 'ws://localhost:5199/' failed: Error in connection establishment: net::ERR_CONNECTION_REFUSED @ http://localhost:5199/@vite/client:1034
[ 1866974ms] [ERROR] WebSocket connection to 'ws://localhost:5199/' failed: Error in connection establishment: net::ERR_CONNECTION_REFUSED @ http://localhost:5199/@vite/client:1034
[ 1874388ms] [ERROR] WebSocket connection to 'ws://localhost:5199/' failed: Error in connection establishment: net::ERR_CONNECTION_REFUSED @ http://localhost:5199/@vite/client:1034
[ 1882150ms] [ERROR] WebSocket connection to 'ws://localhost:5199/' failed: Error in connection establishment: net::ERR_CONNECTION_REFUSED @ http://localhost:5199/@vite/client:1034
[ 1887241ms] [ERROR] WebSocket connection to 'ws://localhost:5199/' failed: Error in connection establishment: net::ERR_CONNECTION_REFUSED @ http://localhost:5199/@vite/client:1034
[ 1892191ms] [ERROR] WebSocket connection to 'ws://localhost:5199/' failed: Error in connection establishment: net::ERR_CONNECTION_REFUSED @ http://localhost:5199/@vite/client:1034
[ 1897083ms] [ERROR] WebSocket connection to 'ws://localhost:5199/' failed: Error in connection establishment: net::ERR_CONNECTION_REFUSED @ http://localhost:5199/@vite/client:1034
[ 1901471ms] [ERROR] WebSocket connection to 'ws://localhost:5199/' failed: Error in connection establishment: net::ERR_CONNECTION_REFUSED @ http://localhost:5199/@vite/client:1034
[ 1906554ms] [ERROR] WebSocket connection to 'ws://localhost:5199/' failed: Error in connection establishment: net::ERR_CONNECTION_REFUSED @ http://localhost:5199/@vite/client:1034
[ 1912884ms] [ERROR] WebSocket connection to 'ws://localhost:5199/' failed: Error in connection establishment: net::ERR_CONNECTION_REFUSED @ http://localhost:5199/@vite/client:1034
[ 1919742ms] [ERROR] WebSocket connection to 'ws://localhost:5199/' failed: Error in connection establishment: net::ERR_CONNECTION_REFUSED @ http://localhost:5199/@vite/client:1034
[ 1927193ms] [ERROR] WebSocket connection to 'ws://localhost:5199/' failed: Error in connection establishment: net::ERR_CONNECTION_REFUSED @ http://localhost:5199/@vite/client:1034
[ 1934060ms] [ERROR] WebSocket connection to 'ws://localhost:5199/' failed: Error in connection establishment: net::ERR_CONNECTION_REFUSED @ http://localhost:5199/@vite/client:1034
[ 1941001ms] [ERROR] WebSocket connection to 'ws://localhost:5199/' failed: Error in connection establishment: net::ERR_CONNECTION_REFUSED @ http://localhost:5199/@vite/client:1034
[ 1948789ms] [ERROR] WebSocket connection to 'ws://localhost:5199/' failed: Error in connection establishment: net::ERR_CONNECTION_REFUSED @ http://localhost:5199/@vite/client:1034
[ 1957148ms] [ERROR] WebSocket connection to 'ws://localhost:5199/' failed: Error in connection establishment: net::ERR_CONNECTION_REFUSED @ http://localhost:5199/@vite/client:1034
[ 1963124ms] [ERROR] WebSocket connection to 'ws://localhost:5199/' failed: Error in connection establishment: net::ERR_CONNECTION_REFUSED @ http://localhost:5199/@vite/client:1034
[ 1968603ms] [ERROR] WebSocket connection to 'ws://localhost:5199/' failed: Error in connection establishment: net::ERR_CONNECTION_REFUSED @ http://localhost:5199/@vite/client:1034
[ 1972985ms] [ERROR] WebSocket connection to 'ws://localhost:5199/' failed: Error in connection establishment: net::ERR_CONNECTION_REFUSED @ http://localhost:5199/@vite/client:1034
[ 1980687ms] [ERROR] WebSocket connection to 'ws://localhost:5199/' failed: Error in connection establishment: net::ERR_CONNECTION_REFUSED @ http://localhost:5199/@vite/client:1034
[ 1986159ms] [ERROR] WebSocket connection to 'ws://localhost:5199/' failed: Error in connection establishment: net::ERR_CONNECTION_REFUSED @ http://localhost:5199/@vite/client:1034
[ 1992494ms] [ERROR] WebSocket connection to 'ws://localhost:5199/' failed: Error in connection establishment: net::ERR_CONNECTION_REFUSED @ http://localhost:5199/@vite/client:1034
[ 1997196ms] [ERROR] WebSocket connection to 'ws://localhost:5199/' failed: Error in connection establishment: net::ERR_CONNECTION_REFUSED @ http://localhost:5199/@vite/client:1034
[ 2000542ms] [ERROR] WebSocket connection to 'ws://localhost:5199/' failed: Error in connection establishment: net::ERR_CONNECTION_REFUSED @ http://localhost:5199/@vite/client:1034
[ 2003902ms] [ERROR] WebSocket connection to 'ws://localhost:5199/' failed: Error in connection establishment: net::ERR_CONNECTION_REFUSED @ http://localhost:5199/@vite/client:1034
[ 2007272ms] [ERROR] WebSocket connection to 'ws://localhost:5199/' failed: Error in connection establishment: net::ERR_CONNECTION_REFUSED @ http://localhost:5199/@vite/client:1034
[ 2010645ms] [ERROR] WebSocket connection to 'ws://localhost:5199/' failed: Error in connection establishment: net::ERR_CONNECTION_REFUSED @ http://localhost:5199/@vite/client:1034
[ 2014039ms] [ERROR] WebSocket connection to 'ws://localhost:5199/' failed: Error in connection establishment: net::ERR_CONNECTION_REFUSED @ http://localhost:5199/@vite/client:1034
[ 2017405ms] [ERROR] WebSocket connection to 'ws://localhost:5199/' failed: Error in connection establishment: net::ERR_CONNECTION_REFUSED @ http://localhost:5199/@vite/client:1034
[ 2020783ms] [ERROR] WebSocket connection to 'ws://localhost:5199/' failed: Error in connection establishment: net::ERR_CONNECTION_REFUSED @ http://localhost:5199/@vite/client:1034
[ 2024159ms] [ERROR] WebSocket connection to 'ws://localhost:5199/' failed: Error in connection establishment: net::ERR_CONNECTION_REFUSED @ http://localhost:5199/@vite/client:1034
[ 2027555ms] [ERROR] WebSocket connection to 'ws://localhost:5199/' failed: Error in connection establishment: net::ERR_CONNECTION_REFUSED @ http://localhost:5199/@vite/client:1034
[ 2030978ms] [ERROR] WebSocket connection to 'ws://localhost:5199/' failed: Error in connection establishment: net::ERR_CONNECTION_REFUSED @ http://localhost:5199/@vite/client:1034
[ 2034399ms] [ERROR] WebSocket connection to 'ws://localhost:5199/' failed: Error in connection establishment: net::ERR_CONNECTION_REFUSED @ http://localhost:5199/@vite/client:1034
[ 2037908ms] [ERROR] WebSocket connection to 'ws://localhost:5199/' failed: Error in connection establishment: net::ERR_CONNECTION_REFUSED @ http://localhost:5199/@vite/client:1034
[ 2041449ms] [ERROR] WebSocket connection to 'ws://localhost:5199/' failed: Error in connection establishment: net::ERR_CONNECTION_REFUSED @ http://localhost:5199/@vite/client:1034
[ 2045338ms] [ERROR] WebSocket connection to 'ws://localhost:5199/' failed: Error in connection establishment: net::ERR_CONNECTION_REFUSED @ http://localhost:5199/@vite/client:1034
[ 2049669ms] [ERROR] WebSocket connection to 'ws://localhost:5199/' failed: Error in connection establishment: net::ERR_CONNECTION_REFUSED @ http://localhost:5199/@vite/client:1034
[ 2053880ms] [ERROR] WebSocket connection to 'ws://localhost:5199/' failed: Error in connection establishment: net::ERR_CONNECTION_REFUSED @ http://localhost:5199/@vite/client:1034
[ 2061161ms] [ERROR] WebSocket connection to 'ws://localhost:5199/' failed: Error in connection establishment: net::ERR_CONNECTION_REFUSED @ http://localhost:5199/@vite/client:1034
[ 2066612ms] [ERROR] WebSocket connection to 'ws://localhost:5199/' failed: Error in connection establishment: net::ERR_CONNECTION_REFUSED @ http://localhost:5199/@vite/client:1034
[ 2071796ms] [ERROR] WebSocket connection to 'ws://localhost:5199/' failed: Error in connection establishment: net::ERR_CONNECTION_REFUSED @ http://localhost:5199/@vite/client:1034
[ 2078933ms] [ERROR] WebSocket connection to 'ws://localhost:5199/' failed: Error in connection establishment: net::ERR_CONNECTION_REFUSED @ http://localhost:5199/@vite/client:1034
[ 2085250ms] [ERROR] WebSocket connection to 'ws://localhost:5199/' failed: Error in connection establishment: net::ERR_CONNECTION_REFUSED @ http://localhost:5199/@vite/client:1034
[ 2092763ms] [ERROR] WebSocket connection to 'ws://localhost:5199/' failed: Error in connection establishment: net::ERR_CONNECTION_REFUSED @ http://localhost:5199/@vite/client:1034
[ 2098819ms] [ERROR] WebSocket connection to 'ws://localhost:5199/' failed: Error in connection establishment: net::ERR_CONNECTION_REFUSED @ http://localhost:5199/@vite/client:1034
[ 2106349ms] [ERROR] WebSocket connection to 'ws://localhost:5199/' failed: Error in connection establishment: net::ERR_CONNECTION_REFUSED @ http://localhost:5199/@vite/client:1034
[ 2114173ms] [ERROR] WebSocket connection to 'ws://localhost:5199/' failed: Error in connection establishment: net::ERR_CONNECTION_REFUSED @ http://localhost:5199/@vite/client:1034
[ 2121914ms] [ERROR] WebSocket connection to 'ws://localhost:5199/' failed: Error in connection establishment: net::ERR_CONNECTION_REFUSED @ http://localhost:5199/@vite/client:1034
[ 2127848ms] [ERROR] WebSocket connection to 'ws://localhost:5199/' failed: Error in connection establishment: net::ERR_CONNECTION_REFUSED @ http://localhost:5199/@vite/client:1034
[ 2134578ms] [ERROR] WebSocket connection to 'ws://localhost:5199/' failed: Error in connection establishment: net::ERR_CONNECTION_REFUSED @ http://localhost:5199/@vite/client:1034
[ 2142004ms] [ERROR] WebSocket connection to 'ws://localhost:5199/' failed: Error in connection establishment: net::ERR_CONNECTION_REFUSED @ http://localhost:5199/@vite/client:1034
[ 2149082ms] [ERROR] WebSocket connection to 'ws://localhost:5199/' failed: Error in connection establishment: net::ERR_CONNECTION_REFUSED @ http://localhost:5199/@vite/client:1034
[ 2154032ms] [ERROR] WebSocket connection to 'ws://localhost:5199/' failed: Error in connection establishment: net::ERR_CONNECTION_REFUSED @ http://localhost:5199/@vite/client:1034
[ 2161431ms] [ERROR] WebSocket connection to 'ws://localhost:5199/' failed: Error in connection establishment: net::ERR_CONNECTION_REFUSED @ http://localhost:5199/@vite/client:1034
[ 2167448ms] [ERROR] WebSocket connection to 'ws://localhost:5199/' failed: Error in connection establishment: net::ERR_CONNECTION_REFUSED @ http://localhost:5199/@vite/client:1034
[ 2175082ms] [ERROR] WebSocket connection to 'ws://localhost:5199/' failed: Error in connection establishment: net::ERR_CONNECTION_REFUSED @ http://localhost:5199/@vite/client:1034
[ 2182680ms] [ERROR] WebSocket connection to 'ws://localhost:5199/' failed: Error in connection establishment: net::ERR_CONNECTION_REFUSED @ http://localhost:5199/@vite/client:1034
[ 2187563ms] [ERROR] WebSocket connection to 'ws://localhost:5199/' failed: Error in connection establishment: net::ERR_CONNECTION_REFUSED @ http://localhost:5199/@vite/client:1034
[ 2194893ms] [ERROR] WebSocket connection to 'ws://localhost:5199/' failed: Error in connection establishment: net::ERR_CONNECTION_REFUSED @ http://localhost:5199/@vite/client:1034
[ 2200080ms] [ERROR] WebSocket connection to 'ws://localhost:5199/' failed: Error in connection establishment: net::ERR_CONNECTION_REFUSED @ http://localhost:5199/@vite/client:1034
[ 2205003ms] [ERROR] WebSocket connection to 'ws://localhost:5199/' failed: Error in connection establishment: net::ERR_CONNECTION_REFUSED @ http://localhost:5199/@vite/client:1034
[ 2209959ms] [ERROR] WebSocket connection to 'ws://localhost:5199/' failed: Error in connection establishment: net::ERR_CONNECTION_REFUSED @ http://localhost:5199/@vite/client:1034
[ 2217595ms] [ERROR] WebSocket connection to 'ws://localhost:5199/' failed: Error in connection establishment: net::ERR_CONNECTION_REFUSED @ http://localhost:5199/@vite/client:1034
[ 2224863ms] [ERROR] WebSocket connection to 'ws://localhost:5199/' failed: Error in connection establishment: net::ERR_CONNECTION_REFUSED @ http://localhost:5199/@vite/client:1034
[ 2231808ms] [ERROR] WebSocket connection to 'ws://localhost:5199/' failed: Error in connection establishment: net::ERR_CONNECTION_REFUSED @ http://localhost:5199/@vite/client:1034
[ 2237923ms] [ERROR] WebSocket connection to 'ws://localhost:5199/' failed: Error in connection establishment: net::ERR_CONNECTION_REFUSED @ http://localhost:5199/@vite/client:1034
[ 2241277ms] [ERROR] WebSocket connection to 'ws://localhost:5199/' failed: Error in connection establishment: net::ERR_CONNECTION_REFUSED @ http://localhost:5199/@vite/client:1034
[ 2244641ms] [ERROR] WebSocket connection to 'ws://localhost:5199/' failed: Error in connection establishment: net::ERR_CONNECTION_REFUSED @ http://localhost:5199/@vite/client:1034
[ 2248002ms] [ERROR] WebSocket connection to 'ws://localhost:5199/' failed: Error in connection establishment: net::ERR_CONNECTION_REFUSED @ http://localhost:5199/@vite/client:1034
[ 2251356ms] [ERROR] WebSocket connection to 'ws://localhost:5199/' failed: Error in connection establishment: net::ERR_CONNECTION_REFUSED @ http://localhost:5199/@vite/client:1034
[ 2254721ms] [ERROR] WebSocket connection to 'ws://localhost:5199/' failed: Error in connection establishment: net::ERR_CONNECTION_REFUSED @ http://localhost:5199/@vite/client:1034
[ 2258091ms] [ERROR] WebSocket connection to 'ws://localhost:5199/' failed: Error in connection establishment: net::ERR_CONNECTION_REFUSED @ http://localhost:5199/@vite/client:1034
[ 2261482ms] [ERROR] WebSocket connection to 'ws://localhost:5199/' failed: Error in connection establishment: net::ERR_CONNECTION_REFUSED @ http://localhost:5199/@vite/client:1034
[ 2264872ms] [ERROR] WebSocket connection to 'ws://localhost:5199/' failed: Error in connection establishment: net::ERR_CONNECTION_REFUSED @ http://localhost:5199/@vite/client:1034
[ 2268247ms] [ERROR] WebSocket connection to 'ws://localhost:5199/' failed: Error in connection establishment: net::ERR_CONNECTION_REFUSED @ http://localhost:5199/@vite/client:1034
[ 2271647ms] [ERROR] WebSocket connection to 'ws://localhost:5199/' failed: Error in connection establishment: net::ERR_CONNECTION_REFUSED @ http://localhost:5199/@vite/client:1034
[ 2275067ms] [ERROR] WebSocket connection to 'ws://localhost:5199/' failed: Error in connection establishment: net::ERR_CONNECTION_REFUSED @ http://localhost:5199/@vite/client:1034
[ 2278481ms] [ERROR] WebSocket connection to 'ws://localhost:5199/' failed: Error in connection establishment: net::ERR_CONNECTION_REFUSED @ http://localhost:5199/@vite/client:1034
[ 2282095ms] [ERROR] WebSocket connection to 'ws://localhost:5199/' failed: Error in connection establishment: net::ERR_CONNECTION_REFUSED @ http://localhost:5199/@vite/client:1034
[ 2286073ms] [ERROR] WebSocket connection to 'ws://localhost:5199/' failed: Error in connection establishment: net::ERR_CONNECTION_REFUSED @ http://localhost:5199/@vite/client:1034
[ 2289718ms] [ERROR] WebSocket connection to 'ws://localhost:5199/' failed: Error in connection establishment: net::ERR_CONNECTION_REFUSED @ http://localhost:5199/@vite/client:1034
[ 2294130ms] [ERROR] WebSocket connection to 'ws://localhost:5199/' failed: Error in connection establishment: net::ERR_CONNECTION_REFUSED @ http://localhost:5199/@vite/client:1034
